$ (temp copy with injected bugs) FM_LINT_JOBS=2 bin/fm-lint.sh bin/fm-teardown.sh bin/fm-wake-lib.sh
fm-lint.sh: ShellCheck 0.11.0 (pinned 0.11.0)
fm-lint.sh: full ShellCheck extended analysis enabled

In bin/fm-teardown.sh line 3784:
  echo $adv_undefined_var
       ^----------------^ SC2154 (warning): adv_undefined_var is referenced but not assigned.
       ^----------------^ SC2086 (info): Double quote to prevent globbing and word splitting.

Did you mean:
  echo "$adv_undefined_var"

For more information:
  https://www.shellcheck.net/wiki/SC2154 -- adv_undefined_var is referenced b...
  https://www.shellcheck.net/wiki/SC2086 -- Double quote to prevent globbing ...

In bin/fm-wake-lib.sh line 2689:
  rm -rf $p/*
         ^--^ SC2115 (warning): Use "${var:?}" to ensure this never expands to /* .
         ^-- SC2086 (info): Double quote to prevent globbing and word splitting.

Did you mean:
  rm -rf "$p"/*

For more information:
  https://www.shellcheck.net/wiki/SC2115 -- Use "${var:?}" to ensure this nev...
  https://www.shellcheck.net/wiki/SC2086 -- Double quote to prevent globbing ...
exit=1
