ok - fm-startup-network: wait fails when no deferred stage publishes before its deadline
ok - fm-startup-network: start returns immediately and never holds the caller's stdout open
ok - fm-startup-network: exactly one of the digest and the wake reports each actionable result
ok - fm-startup-network: a claimant crash after publication still surfaces the result
ok - fm-startup-network: a report-publication failure is failed, diagnosed, and still wakes
ok - fm-startup-network: silent and explicitly informational successes never queue a main-blocking wake
ok - fm-startup-network: an actionable state=done report still queues a wake
ok - fm-startup-network: deferred invalid secondmate markers produce durable wakes
ok - fm-startup-network: manual callers cannot forge mutation authority
ok - fm-startup-network: an aggregate bound turns a wedged sweep into an actionable line
ok - fm-startup-network: an abandoned run reports as needing a rerun, never as in progress forever
ok - fm-startup-network: locked requests supersede in-flight probe-only workers
ok - fm-startup-network: a second start never launches a competing worker
ok - fm-startup-network: start atomically reserves the generation harvest observes
/private/var/folders/kb/v4dnb5gj6nl8pm3yy31nzw9w0000gn/T/fm-startup-network-tests.2tEcoE/owner-handoff/root/bin/fm-startup-network.sh: child setpgid (39634 to 39634): Operation not permitted
ok - fm-startup-network: a new lock owner gets a distinct worker generation
not ok - lock takeover blocked 6s behind deferred network work
rm: /private/var/folders/kb/v4dnb5gj6nl8pm3yy31nzw9w0000gn/T/fm-startup-network-tests.2tEcoE/probe-then-locked/home/state: Directory not empty
rm: /private/var/folders/kb/v4dnb5gj6nl8pm3yy31nzw9w0000gn/T/fm-startup-network-tests.2tEcoE/probe-then-locked/home: Directory not empty
rm: /private/var/folders/kb/v4dnb5gj6nl8pm3yy31nzw9w0000gn/T/fm-startup-network-tests.2tEcoE/probe-then-locked: Directory not empty
rm: /private/var/folders/kb/v4dnb5gj6nl8pm3yy31nzw9w0000gn/T/fm-startup-network-tests.2tEcoE: Directory not empty
