SETUP live synthetic owner= 49134 lock= 49134
second-session acquisition rc=0 stdout='lock_rc=1\n' stderr='error: another live firstmate session holds the lock (pid 49134); operate read-only until resolved\n'
nonowner autoarm rc=0 stdout='autoarm_rc=0\n' stderr=''
owner claim open rc=0 stdout='{"systemMessage":"FIRSTMATE SUPERVISION IS OWNED BY ANOTHER LIVE SESSION: this read-only session cannot and should not arm or repair the watcher (lock owner pid 49134; last watcher beat 601s ago, grace 300s). Allowing this turn to end safely. Unblock: if pid 49134 is an idle or abandoned firstmate session, end it (type /exit in its window, or run kill -TERM 49134 once you have confirmed it is idle), then run /var/folders/kb/v4dnb5gj6nl8pm3yy31nzw9w0000gn/T/fm-turnend-foreign-owner-1ts8rf5g/nonowner/bin/fm-session-start.sh in this session to take over; if it is a working session, switch to it and let it restore supervision."}\n' stderr=''
FIXED an open owner claim covers a stale beacon: no outage notice
nonowner stop 1 rc=2 stdout='' stderr='●━━━━━━━━━━━━━━━━━━━━━━━━━━━━━━━━━━━━━━━━━━━━━━━━━━━━━━━━━━━━━━━━━━━━━━━\n●  SUPERVISION IS DOWN AND ANOTHER LIVE SESSION HOLDS THIS HOME - TELL THE CAPTAIN NOW\n●  The home needs supervision but its watcher last beat 602s ago (grace 300s), and live pid 49134 holds the session lock, so this session can neither re-arm the watcher nor drain wakes.\n●  Unblock: if pid 49134 is an idle or abandoned firstmate session, end it (type /exit in its window, or run kill -TERM 49134 once you have confirmed it is idle), then run /var/folders/kb/v4dnb5gj6nl8pm3yy31nzw9w0000gn/T/fm-turnend-foreign-owner-1ts8rf5g/nonowner/bin/fm-session-start.sh in this session to take over; if it is a working session, switch to it and let it restore supervision.\n●  Relay the outage and that unblock to the captain in plain words in your reply. This notice fires once per outage; later turns end with the same facts as a status message.\n●━━━━━━━━━━━━━━━━━━━━━━━━━━━━━━━━━━━━━━━━━━━━━━━━━━━━━━━━━━━━━━━━━━━━━━━\n'
nonowner stop 2 rc=0 stdout='{"systemMessage":"FIRSTMATE SUPERVISION IS OWNED BY ANOTHER LIVE SESSION: this read-only session cannot and should not arm or repair the watcher (lock owner pid 49134; last watcher beat 602s ago, grace 300s). Allowing this turn to end safely. Unblock: if pid 49134 is an idle or abandoned firstmate session, end it (type /exit in its window, or run kill -TERM 49134 once you have confirmed it is idle), then run /var/folders/kb/v4dnb5gj6nl8pm3yy31nzw9w0000gn/T/fm-turnend-foreign-owner-1ts8rf5g/nonowner/bin/fm-session-start.sh in this session to take over; if it is a working session, switch to it and let it restore supervision."}\n' stderr=''
nonowner stop 3 rc=0 stdout='{"systemMessage":"FIRSTMATE SUPERVISION IS OWNED BY ANOTHER LIVE SESSION: this read-only session cannot and should not arm or repair the watcher (lock owner pid 49134; last watcher beat 602s ago, grace 300s). Allowing this turn to end safely. Unblock: if pid 49134 is an idle or abandoned firstmate session, end it (type /exit in its window, or run kill -TERM 49134 once you have confirmed it is idle), then run /var/folders/kb/v4dnb5gj6nl8pm3yy31nzw9w0000gn/T/fm-turnend-foreign-owner-1ts8rf5g/nonowner/bin/fm-session-start.sh in this session to take over; if it is a working session, switch to it and let it restore supervision."}\n' stderr=''
nonowner stop 4 rc=0 stdout='{"systemMessage":"FIRSTMATE SUPERVISION IS OWNED BY ANOTHER LIVE SESSION: this read-only session cannot and should not arm or repair the watcher (lock owner pid 49134; last watcher beat 603s ago, grace 300s). Allowing this turn to end safely. Unblock: if pid 49134 is an idle or abandoned firstmate session, end it (type /exit in its window, or run kill -TERM 49134 once you have confirmed it is idle), then run /var/folders/kb/v4dnb5gj6nl8pm3yy31nzw9w0000gn/T/fm-turnend-foreign-owner-1ts8rf5g/nonowner/bin/fm-session-start.sh in this session to take over; if it is a working session, switch to it and let it restore supervision."}\n' stderr=''
nonowner stop 5 rc=0 stdout='{"systemMessage":"FIRSTMATE SUPERVISION IS OWNED BY ANOTHER LIVE SESSION: this read-only session cannot and should not arm or repair the watcher (lock owner pid 49134; last watcher beat 603s ago, grace 300s). Allowing this turn to end safely. Unblock: if pid 49134 is an idle or abandoned firstmate session, end it (type /exit in its window, or run kill -TERM 49134 once you have confirmed it is idle), then run /var/folders/kb/v4dnb5gj6nl8pm3yy31nzw9w0000gn/T/fm-turnend-foreign-owner-1ts8rf5g/nonowner/bin/fm-session-start.sh in this session to take over; if it is a working session, switch to it and let it restore supervision."}\n' stderr=''
nonowner stop 6 rc=0 stdout='{"systemMessage":"FIRSTMATE SUPERVISION IS OWNED BY ANOTHER LIVE SESSION: this read-only session cannot and should not arm or repair the watcher (lock owner pid 49134; last watcher beat 603s ago, grace 300s). Allowing this turn to end safely. Unblock: if pid 49134 is an idle or abandoned firstmate session, end it (type /exit in its window, or run kill -TERM 49134 once you have confirmed it is idle), then run /var/folders/kb/v4dnb5gj6nl8pm3yy31nzw9w0000gn/T/fm-turnend-foreign-owner-1ts8rf5g/nonowner/bin/fm-session-start.sh in this session to take over; if it is a working session, switch to it and let it restore supervision."}\n' stderr=''
FIXED repeated non-owner Stops: one captain notice per outage, then every Stop ended safely
fresh-beat-only counterfactual rc=0 stdout='{"systemMessage":"FIRSTMATE SUPERVISION IS OWNED BY ANOTHER LIVE SESSION: this read-only session cannot and should not arm or repair the watcher (lock owner pid 49134; last watcher beat 0s ago, grace 300s). Allowing this turn to end safely. Unblock: if pid 49134 is an idle or abandoned firstmate session, end it (type /exit in its window, or run kill -TERM 49134 once you have confirmed it is idle), then run /var/folders/kb/v4dnb5gj6nl8pm3yy31nzw9w0000gn/T/fm-turnend-foreign-owner-1ts8rf5g/nonowner/bin/fm-session-start.sh in this session to take over; if it is a working session, switch to it and let it restore supervision."}\n' stderr=''
Traceback (most recent call last):
  File "/Users/pike/.no-mistakes/worktrees/81f2a0639ef5/01M4FP1VVTSZX7CZZHQ8WW8KHW/tests/fm-turnend-foreign-owner-repro.py", line 227, in <module>
    until(
    ~~~~~^
        lambda: (root / "state/.watch.lock/pid").is_file(),
        ^^^^^^^^^^^^^^^^^^^^^^^^^^^^^^^^^^^^^^^^^^^^^^^^^^^
        message="replacement owner did not publish state/.watch.lock/pid",
        ^^^^^^^^^^^^^^^^^^^^^^^^^^^^^^^^^^^^^^^^^^^^^^^^^^^^^^^^^^^^^^^^^^
    )
    ^
  File "/Users/pike/.no-mistakes/worktrees/81f2a0639ef5/01M4FP1VVTSZX7CZZHQ8WW8KHW/tests/fm-turnend-foreign-owner-repro.py", line 97, in until
    raise RuntimeError(message() if callable(message) else message)
RuntimeError: replacement owner did not publish state/.watch.lock/pid
